[H[2J[3J==== SEP Engine Build Script with FULL Cycles and PipeWire Support ====
Setting up build environment with real library paths - NO STUBS!
Using Cycles root: /sep/extern/cycles
Checking for PipeWire development headers...
PipeWire found via pkg-config
Cleaning build directory...
Running CMake configuration...
-- The CXX compiler identification is GNU 14.2.1
-- Detecting CXX compiler ABI info
-- Detecting CXX compiler ABI info - done
-- Check for working CXX compiler: /usr/bin/g++-14 - skipped
-- Detecting CXX compile features
-- Detecting CXX compile features - done
-- Looking for a CUDA compiler
-- Looking for a CUDA compiler - NOTFOUND
-- CUDA support disabled - compiler not found
-- Cycles integration disabled - CYCLES_ROOT not set
-- Redis support disabled - hiredis not found
-- PipeWire support disabled
-- TBB support enabled
-- Performing Test CMAKE_HAVE_LIBC_PTHREAD
-- Performing Test CMAKE_HAVE_LIBC_PTHREAD - Success
-- Found Threads: TRUE
-- Found CURL: /usr/lib64/libcurl.so (found version "8.11.1")
-- Found nlohmann_json: /usr/share/cmake/nlohmann_json/nlohmann_jsonConfig.cmake (found version "3.11.3")
-- Found CUDAToolkit: /usr/local/cuda/targets/x86_64-linux/include (found version "12.9.86")
-- Found hiredis: /usr/lib64/libhiredis.so
-- Found hiredis headers: /usr/include/hiredis
-- Found PkgConfig: /usr/bin/pkg-config (found version "2.3.0")
-- Checking for module 'libpipewire-0.3'
--   Found libpipewire-0.3, version 1.4.6
-- Checking for module 'fftw3f'
--   Found fftw3f, version 3.3.10
-- Using PipeWire at: pipewire-0.3
-- Using FFTW at: fftw3f
-- Configuring done (1.1s)
-- Generating done (0.0s)
-- Build files have been written to: /sep/cmake-make
Building SEP Engine...
[  6%] Building CXX object src/core/CMakeFiles/sep_core.dir/manager.cpp.o
[  6%] Building CXX object src/core/CMakeFiles/sep_core.dir/prometheus_exporter.cpp.o
[  6%] Building CXX object src/core/CMakeFiles/sep_core.dir/error_handler.cpp.o
[  6%] Building CXX object src/core/CMakeFiles/sep_core.dir/allocation_metrics.cpp.o
[  7%] Building CXX object src/core/CMakeFiles/sep_core.dir/dag_graph.cpp.o
[  9%] Building CXX object src/core/CMakeFiles/sep_core.dir/metrics_collector.cpp.o
[ 10%] Building CXX object src/core/CMakeFiles/sep_core.dir/engine.cpp.o
[ 12%] Building CXX object src/core/CMakeFiles/sep_core.dir/tracing.cpp.o
[ 13%] Building CXX object src/core/CMakeFiles/sep_core.dir/logging.cpp.o
[ 15%] Linking CXX static library ../../lib/libsep_core.a
[ 15%] Built target sep_core
[ 16%] Building CXX object src/compat/CMakeFiles/sep_compat.dir/raii.cpp.o
[ 19%] Building CXX object src/compat/CMakeFiles/sep_compat.dir/stream.cpp.o
[ 19%] Building CXX object src/audio/CMakeFiles/sep_audio.dir/pipeline.cpp.o
[ 21%] Building CXX object src/audio/CMakeFiles/sep_audio.dir/factory.cpp.o
[ 22%] Building CXX object src/audio/CMakeFiles/sep_audio.dir/config.cpp.o
[ 24%] Building CXX object src/audio/CMakeFiles/sep_audio.dir/pipewire_capture.cpp.o
[ 25%] Linking CXX static library ../../lib/libsep_compat.a
[ 25%] Built target sep_compat
[ 31%] Building CXX object src/blender/CMakeFiles/sep_blender.dir/compression_utils.cpp.o
[ 31%] Building CXX object src/quantum/CMakeFiles/sep_quantum.dir/evolution.cpp.o
[ 31%] Building CXX object src/blender/CMakeFiles/sep_blender.dir/api.cpp.o
[ 33%] Building CXX object src/quantum/CMakeFiles/sep_quantum.dir/qbsa_qfh.cpp.o
[ 34%] Building CXX object src/blender/CMakeFiles/sep_blender.dir/gpu_context.cpp.o
[ 34%] Building CXX object src/memory/CMakeFiles/sep_memory.dir/quantum_coherence_manager.cpp.o
[ 36%] Building CXX object src/quantum/CMakeFiles/sep_quantum.dir/qfh.cpp.o
[ 37%] Building CXX object src/memory/CMakeFiles/sep_memory.dir/memory_tier_manager.cpp.o
[ 39%] Building CXX object src/memory/CMakeFiles/sep_memory.dir/memory_tier.cpp.o
[ 40%] Building CXX object src/blender/CMakeFiles/sep_blender.dir/compression.cpp.o
[ 42%] Building CXX object src/memory/CMakeFiles/sep_memory.dir/redis_manager.cpp.o
[ 43%] Building CXX object src/quantum/CMakeFiles/sep_quantum.dir/qbsa.cpp.o
[ 46%] Building CXX object src/blender/CMakeFiles/sep_blender.dir/pattern_visualization_pipeline.cpp.o
[ 46%] Building CXX object src/blender/CMakeFiles/sep_blender.dir/blender_integration.cpp.o
[ 48%] Building CXX object src/quantum/CMakeFiles/sep_quantum.dir/quantum_processor_qfh.cpp.o
[ 50%] Building CXX object src/quantum/CMakeFiles/sep_quantum.dir/quantum_processor_qfh_common.cpp.o
[ 51%] Building CXX object src/quantum/CMakeFiles/sep_quantum.dir/types_serialization.cpp.o
[ 53%] Building CXX object src/quantum/CMakeFiles/sep_quantum.dir/pattern_processor.cpp.o
[ 54%] Building CXX object src/quantum/CMakeFiles/sep_quantum.dir/pattern_evolution_bridge.cpp.o
[ 56%] Building CXX object src/blender/CMakeFiles/sep_blender.dir/mesh_handler.cpp.o
[ 57%] Building CXX object src/quantum/CMakeFiles/sep_quantum.dir/quantum_processor.cpp.o
[ 59%] Building CXX object src/quantum/CMakeFiles/sep_quantum.dir/pattern_processor_interface.cpp.o
[ 60%] Building CXX object src/quantum/CMakeFiles/sep_quantum.dir/pattern_evolution.cpp.o
[ 62%] Building CXX object src/blender/CMakeFiles/sep_blender.dir/factory.cpp.o
[ 63%] Building CXX object src/blender/CMakeFiles/sep_blender.dir/cycles_renderer.cpp.o
[ 65%] Building CXX object src/quantum/CMakeFiles/sep_quantum.dir/processor.cpp.o
[ 66%] Building CXX object src/quantum/CMakeFiles/sep_quantum.dir/quantum_manifold_optimizer.cpp.o
In file included from /sep/include/compat/cycles.h:28,
                 from /sep/include/blender/cycles_renderer.h:8,
                 from /sep/src/blender/cycles_renderer.cpp:7:
/sep/include/../extern/cycles/src/device/device.h:10:10: fatal error: bvh/params.h: No such file or directory
   10 | #include "bvh/params.h"
      |          ^~~~~~~~~~~~~~
compilation terminated.
make[2]: *** [src/blender/CMakeFiles/sep_blender.dir/build.make:191: src/blender/CMakeFiles/sep_blender.dir/cycles_renderer.cpp.o] Error 1
make[2]: *** Waiting for unfinished jobs....
[ 68%] Linking CXX static library ../../lib/libsep_audio.a
[ 68%] Built target sep_audio
make[1]: *** [CMakeFiles/Makefile2:1407: src/blender/CMakeFiles/sep_blender.dir/all] Error 2
make[1]: *** Waiting for unfinished jobs....
[ 69%] Linking CXX static library ../../lib/libsep_memory.a
[ 69%] Built target sep_memory
[ 71%] Linking CXX static library ../../lib/libsep_quantum.a
[ 71%] Built target sep_quantum
make: *** [Makefile:101: all] Error 2
